
phase 0
.. ok

phase 1
Object in GridCell: 0, 0, 0!
Object in GridCell: 0, 0, 1!
Object in GridCell: 0, 0, 2!
Object in GridCell: 0, 0, 3!
Object in GridCell: 0, 0, 4!
Object in GridCell: 0, 1, 0!
Object in GridCell: 0, 1, 1!
Object in GridCell: 0, 1, 2!
Object in GridCell: 0, 1, 3!
Object in GridCell: 0, 1, 4!
Object in GridCell: 0, 2, 0!
Object in GridCell: 0, 2, 1!
Object in GridCell: 0, 2, 2!
Object in GridCell: 0, 2, 3!
Object in GridCell: 0, 2, 4!
Object in GridCell: 0, 3, 0!
Object in GridCell: 0, 3, 1!
Object in GridCell: 0, 3, 2!
Object in GridCell: 0, 3, 3!
Object in GridCell: 0, 3, 4!
Object in GridCell: 0, 4, 0!
Object in GridCell: 0, 4, 1!
Object in GridCell: 0, 4, 2!
Object in GridCell: 0, 4, 3!
Object in GridCell: 0, 4, 4!
Object in GridCell: 1, 0, 0!
Object in GridCell: 1, 0, 1!
Object in GridCell: 1, 0, 2!
Object in GridCell: 1, 0, 3!
Object in GridCell: 1, 0, 4!
Object in GridCell: 1, 1, 0!
Object in GridCell: 1, 1, 1!
Object in GridCell: 1, 1, 2!
Object in GridCell: 1, 1, 3!
Object in GridCell: 1, 1, 4!
Object in GridCell: 1, 2, 0!
Object in GridCell: 1, 2, 1!
Object in GridCell: 1, 2, 2!
Object in GridCell: 1, 2, 3!
Object in GridCell: 1, 2, 4!
Object in GridCell: 1, 3, 0!
Object in GridCell: 1, 3, 1!
Object in GridCell: 1, 3, 2!
Object in GridCell: 1, 3, 3!
Object in GridCell: 1, 3, 4!
Object in GridCell: 1, 4, 0!
Object in GridCell: 1, 4, 1!
Object in GridCell: 1, 4, 2!
Object in GridCell: 1, 4, 3!
Object in GridCell: 1, 4, 4!
Object in GridCell: 2, 0, 0!
Object in GridCell: 2, 0, 1!
Object in GridCell: 2, 0, 2!
Object in GridCell: 2, 0, 3!
Object in GridCell: 2, 0, 4!
Object in GridCell: 2, 1, 0!
Object in GridCell: 2, 1, 1!
Object in GridCell: 2, 1, 2!
Object in GridCell: 2, 1, 3!
Object in GridCell: 2, 1, 4!
Object in GridCell: 2, 2, 0!
Object in GridCell: 2, 2, 1!
Object in GridCell: 2, 2, 2!
Object in GridCell: 2, 2, 3!
Object in GridCell: 2, 2, 4!
Object in GridCell: 2, 3, 0!
Object in GridCell: 2, 3, 1!
Object in GridCell: 2, 3, 2!
Object in GridCell: 2, 3, 3!
Object in GridCell: 2, 3, 4!
Object in GridCell: 2, 4, 0!
Object in GridCell: 2, 4, 1!
Object in GridCell: 2, 4, 2!
Object in GridCell: 2, 4, 3!
Object in GridCell: 2, 4, 4!
Object in GridCell: 3, 0, 0!
Object in GridCell: 3, 0, 1!
Object in GridCell: 3, 0, 2!
Object in GridCell: 3, 0, 3!
Object in GridCell: 3, 0, 4!
Object in GridCell: 3, 1, 0!
Object in GridCell: 3, 1, 1!
Object in GridCell: 3, 1, 2!
Object in GridCell: 3, 1, 3!
Object in GridCell: 3, 1, 4!
Object in GridCell: 3, 2, 0!
Object in GridCell: 3, 2, 1!
Object in GridCell: 3, 2, 2!
Object in GridCell: 3, 2, 3!
Object in GridCell: 3, 2, 4!
Object in GridCell: 3, 3, 0!
Object in GridCell: 3, 3, 1!
Object in GridCell: 3, 3, 2!
Object in GridCell: 3, 3, 3!
Object in GridCell: 3, 3, 4!
Object in GridCell: 3, 4, 0!
Object in GridCell: 3, 4, 1!
Object in GridCell: 3, 4, 2!
Object in GridCell: 3, 4, 3!
Object in GridCell: 3, 4, 4!
Object in GridCell: 4, 0, 0!
Object in GridCell: 4, 0, 1!
Object in GridCell: 4, 0, 2!
Object in GridCell: 4, 0, 3!
Object in GridCell: 4, 0, 4!
Object in GridCell: 4, 1, 0!
Object in GridCell: 4, 1, 1!
Object in GridCell: 4, 1, 2!
Object in GridCell: 4, 1, 3!
Object in GridCell: 4, 1, 4!
Object in GridCell: 4, 2, 0!
Object in GridCell: 4, 2, 1!
Object in GridCell: 4, 2, 2!
Object in GridCell: 4, 2, 3!
Object in GridCell: 4, 2, 4!
Object in GridCell: 4, 3, 0!
Object in GridCell: 4, 3, 1!
Object in GridCell: 4, 3, 2!
Object in GridCell: 4, 3, 3!
Object in GridCell: 4, 3, 4!
Object in GridCell: 4, 4, 0!
Object in GridCell: 4, 4, 1!
Object in GridCell: 4, 4, 2!
Object in GridCell: 4, 4, 3!
Object in GridCell: 4, 4, 4!
.. ok

phase 2
Object in GridCell: 12, 12, 12!
Object in GridCell: 12, 12, 13!
Object in GridCell: 12, 12, 14!
Object in GridCell: 12, 12, 15!
Object in GridCell: 12, 12, 16!
Object in GridCell: 12, 13, 12!
Object in GridCell: 12, 13, 13!
Object in GridCell: 12, 13, 14!
Object in GridCell: 12, 13, 15!
Object in GridCell: 12, 13, 16!
Object in GridCell: 12, 14, 12!
Object in GridCell: 12, 14, 13!
Object in GridCell: 12, 14, 14!
Object in GridCell: 12, 14, 15!
Object in GridCell: 12, 14, 16!
Object in GridCell: 12, 15, 12!
Object in GridCell: 12, 15, 13!
Object in GridCell: 12, 15, 14!
Object in GridCell: 12, 15, 15!
Object in GridCell: 12, 15, 16!
Object in GridCell: 12, 16, 12!
Object in GridCell: 12, 16, 13!
Object in GridCell: 12, 16, 14!
Object in GridCell: 12, 16, 15!
Object in GridCell: 12, 16, 16!
Object in GridCell: 13, 12, 12!
Object in GridCell: 13, 12, 13!
Object in GridCell: 13, 12, 14!
Object in GridCell: 13, 12, 15!
Object in GridCell: 13, 12, 16!
Object in GridCell: 13, 13, 12!
Object in GridCell: 13, 13, 13!
Object in GridCell: 13, 13, 14!
Object in GridCell: 13, 13, 15!
Object in GridCell: 13, 13, 16!
Object in GridCell: 13, 14, 12!
Object in GridCell: 13, 14, 13!
Object in GridCell: 13, 14, 14!
Object in GridCell: 13, 14, 15!
Object in GridCell: 13, 14, 16!
Object in GridCell: 13, 15, 12!
Object in GridCell: 13, 15, 13!
Object in GridCell: 13, 15, 14!
Object in GridCell: 13, 15, 15!
Object in GridCell: 13, 15, 16!
Object in GridCell: 13, 16, 12!
Object in GridCell: 13, 16, 13!
Object in GridCell: 13, 16, 14!
Object in GridCell: 13, 16, 15!
Object in GridCell: 13, 16, 16!
Object in GridCell: 14, 12, 12!
Object in GridCell: 14, 12, 13!
Object in GridCell: 14, 12, 14!
Object in GridCell: 14, 12, 15!
Object in GridCell: 14, 12, 16!
Object in GridCell: 14, 13, 12!
Object in GridCell: 14, 13, 13!
Object in GridCell: 14, 13, 14!
Object in GridCell: 14, 13, 15!
Object in GridCell: 14, 13, 16!
Object in GridCell: 14, 14, 12!
Object in GridCell: 14, 14, 13!
Object in GridCell: 14, 14, 14!
Object in GridCell: 14, 14, 15!
Object in GridCell: 14, 14, 16!
Object in GridCell: 14, 15, 12!
Object in GridCell: 14, 15, 13!
Object in GridCell: 14, 15, 14!
Object in GridCell: 14, 15, 15!
Object in GridCell: 14, 15, 16!
Object in GridCell: 14, 16, 12!
Object in GridCell: 14, 16, 13!
Object in GridCell: 14, 16, 14!
Object in GridCell: 14, 16, 15!
Object in GridCell: 14, 16, 16!
Object in GridCell: 15, 12, 12!
Object in GridCell: 15, 12, 13!
Object in GridCell: 15, 12, 14!
Object in GridCell: 15, 12, 15!
Object in GridCell: 15, 12, 16!
Object in GridCell: 15, 13, 12!
Object in GridCell: 15, 13, 13!
Object in GridCell: 15, 13, 14!
Object in GridCell: 15, 13, 15!
Object in GridCell: 15, 13, 16!
Object in GridCell: 15, 14, 12!
Object in GridCell: 15, 14, 13!
Object in GridCell: 15, 14, 14!
Object in GridCell: 15, 14, 15!
Object in GridCell: 15, 14, 16!
Object in GridCell: 15, 15, 12!
Object in GridCell: 15, 15, 13!
Object in GridCell: 15, 15, 14!
Object in GridCell: 15, 15, 15!
Object in GridCell: 15, 15, 16!
Object in GridCell: 15, 16, 12!
Object in GridCell: 15, 16, 13!
Object in GridCell: 15, 16, 14!
Object in GridCell: 15, 16, 15!
Object in GridCell: 15, 16, 16!
Object in GridCell: 16, 12, 12!
Object in GridCell: 16, 12, 13!
Object in GridCell: 16, 12, 14!
Object in GridCell: 16, 12, 15!
Object in GridCell: 16, 12, 16!
Object in GridCell: 16, 13, 12!
Object in GridCell: 16, 13, 13!
Object in GridCell: 16, 13, 14!
Object in GridCell: 16, 13, 15!
Object in GridCell: 16, 13, 16!
Object in GridCell: 16, 14, 12!
Object in GridCell: 16, 14, 13!
Object in GridCell: 16, 14, 14!
Object in GridCell: 16, 14, 15!
Object in GridCell: 16, 14, 16!
Object in GridCell: 16, 15, 12!
Object in GridCell: 16, 15, 13!
Object in GridCell: 16, 15, 14!
Object in GridCell: 16, 15, 15!
Object in GridCell: 16, 15, 16!
Object in GridCell: 16, 16, 12!
Object in GridCell: 16, 16, 13!
Object in GridCell: 16, 16, 14!
Object in GridCell: 16, 16, 15!
Object in GridCell: 16, 16, 16!
.. ok

phase 3
