test 0 finished (with 0 errors).
test 1 finished (with 0 errors).
test 2 finished (with 0 errors).
test 3 finished (with 0 errors).
test 4 finished (with 0 errors).
test 5 finished (with 0 errors).
test 6 finished (with 0 errors).
test 7 finished (with 0 errors).
test 8 finished (with 0 errors).
test 9 finished (with 0 errors).
8 threads have added 4000 elements.
test 10 finished (with 0 errors).
queue: all tests ok.
